<html>
<body>
<pre>
<h1>µVision Build Log</h1>
<h2>Project:</h2>
C:\Users\Administrator\Desktop\2.4-SPI-9341\2.4¥Æø⁄(1)\STM32≤‚ ‘≥Ã–Ú\STM32≤‚ ‘≥Ã–Ú\USER\TOUCH.uvproj
Project File Date:  02/21/2014

<h2>Output:</h2>
Build target 'Target 1'
linking...
Program Size: Code=17074 RO-data=6898 RW-data=112 ZI-data=5944  
FromELF: creating hex file...
"..\OBJ\TOUCH.axf" - 0 Error(s), 0 Warning(s).
</pre>
</body>
</html>
..
compiling spi.c...
compiling flash.c...
compiling touch.c...
compiling delay.c...
compiling sys.c...
compiling usart.c...
compiling core_cm3.c...
assembling startup_stm32f10x_hd.s...
compiling stm32f10x_fsmc.c...
compiling stm32f10x_gpio.c...
compiling stm32f10x_rcc.c...
compiling stm32f10x_spi.c...
compiling stm32f10x_usart.c...
compiling misc.c...
linking...
Program Size: Code=17074 RO-data=6898 RW-data=112 ZI-data=5944  
FromELF: creating hex file...
"..\OBJ\TOUCH.axf" - 0 Error(s), 0 Warning(s).
